INFO:     Started server process [846]
INFO:     Waiting for application startup.
INFO:     Application startup complete.
INFO:     Uvicorn running on http://0.0.0.0:3001 (Press CTRL+C to quit)
INFO:     100.64.4.167:36356 - "HEAD /docs HTTP/1.1" 200 OK
INFO:     100.64.4.167:36366 - "HEAD /docs HTTP/1.1" 200 OK
INFO:     100.64.4.167:36336 - "HEAD /docs HTTP/1.1" 200 OK
INFO:     100.64.4.167:36338 - "HEAD /docs HTTP/1.1" 200 OK
INFO:     100.64.4.167:36374 - "GET /docs HTTP/1.1" 200 OK
INFO:     100.64.4.167:36376 - "GET /docs HTTP/1.1" 200 OK
INFO:     100.64.4.167:36388 - "GET /openapi.json HTTP/1.1" 500 Internal Server Error
ERROR:    Exception in ASGI application
Traceback (most recent call last):
  File "/home/kavia/workspace/code-generation/resumematch-ai-73807-35a6cda2/resume_analyzer_backend_workspace/resume_analyzer_backend/venv/lib/python3.12/site-packages/uvicorn/protocols/http/httptools_impl.py", line 409, in run_asgi
    result = await app(  # type: ignore[func-returns-value]
             ^^^^^^^^^^^^^^^^^^^^^^^^^^^^^^^^^^^^^^^^^^^^^^
  File "/home/kavia/workspace/code-generation/resumematch-ai-73807-35a6cda2/resume_analyzer_backend_workspace/resume_analyzer_backend/venv/lib/python3.12/site-packages/uvicorn/middleware/proxy_headers.py", line 60, in __call__
    return await self.app(scope, receive, send)
           ^^^^^^^^^^^^^^^^^^^^^^^^^^^^^^^^^^^^
  File "/home/kavia/workspace/code-generation/resumematch-ai-73807-35a6cda2/resume_analyzer_backend_workspace/resume_analyzer_backend/venv/lib/python3.12/site-packages/fastapi/applications.py", line 1054, in __call__
    await super().__call__(scope, receive, send)
  File "/home/kavia/workspace/code-generation/resumematch-ai-73807-35a6cda2/resume_analyzer_backend_workspace/resume_analyzer_backend/venv/lib/python3.12/site-packages/starlette/applications.py", line 112, in __call__
    await self.middleware_stack(scope, receive, send)
  File "/home/kavia/workspace/code-generation/resumematch-ai-73807-35a6cda2/resume_analyzer_backend_workspace/resume_analyzer_backend/venv/lib/python3.12/site-packages/starlette/middleware/errors.py", line 187, in __call__
    raise exc
  File "/home/kavia/workspace/code-generation/resumematch-ai-73807-35a6cda2/resume_analyzer_backend_workspace/resume_analyzer_backend/venv/lib/python3.12/site-packages/starlette/middleware/errors.py", line 165, in __call__
    await self.app(scope, receive, _send)
  File "/home/kavia/workspace/code-generation/resumematch-ai-73807-35a6cda2/resume_analyzer_backend_workspace/resume_analyzer_backend/venv/lib/python3.12/site-packages/starlette/middleware/cors.py", line 85, in __call__
    await self.app(scope, receive, send)
  File "/home/kavia/workspace/code-generation/resumematch-ai-73807-35a6cda2/resume_analyzer_backend_workspace/resume_analyzer_backend/venv/lib/python3.12/site-packages/starlette/middleware/exceptions.py", line 62, in __call__
    await wrap_app_handling_exceptions(self.app, conn)(scope, receive, send)
  File "/home/kavia/workspace/code-generation/resumematch-ai-73807-35a6cda2/resume_analyzer_backend_workspace/resume_analyzer_backend/venv/lib/python3.12/site-packages/starlette/_exception_handler.py", line 53, in wrapped_app
    raise exc
  File "/home/kavia/workspace/code-generation/resumematch-ai-73807-35a6cda2/resume_analyzer_backend_workspace/resume_analyzer_backend/venv/lib/python3.12/site-packages/starlette/_exception_handler.py", line 42, in wrapped_app
    await app(scope, receive, sender)
  File "/home/kavia/workspace/code-generation/resumematch-ai-73807-35a6cda2/resume_analyzer_backend_workspace/resume_analyzer_backend/venv/lib/python3.12/site-packages/starlette/routing.py", line 714, in __call__
    await self.middleware_stack(scope, receive, send)
  File "/home/kavia/workspace/code-generation/resumematch-ai-73807-35a6cda2/resume_analyzer_backend_workspace/resume_analyzer_backend/venv/lib/python3.12/site-packages/starlette/routing.py", line 734, in app
    await route.handle(scope, receive, send)
  File "/home/kavia/workspace/code-generation/resumematch-ai-73807-35a6cda2/resume_analyzer_backend_workspace/resume_analyzer_backend/venv/lib/python3.12/site-packages/starlette/routing.py", line 288, in handle
    await self.app(scope, receive, send)
  File "/home/kavia/workspace/code-generation/resumematch-ai-73807-35a6cda2/resume_analyzer_backend_workspace/resume_analyzer_backend/venv/lib/python3.12/site-packages/starlette/routing.py", line 76, in app
    await wrap_app_handling_exceptions(app, request)(scope, receive, send)
  File "/home/kavia/workspace/code-generation/resumematch-ai-73807-35a6cda2/resume_analyzer_backend_workspace/resume_analyzer_backend/venv/lib/python3.12/site-packages/starlette/_exception_handler.py", line 53, in wrapped_app
    raise exc
  File "/home/kavia/workspace/code-generation/resumematch-ai-73807-35a6cda2/resume_analyzer_backend_workspace/resume_analyzer_backend/venv/lib/python3.12/site-packages/starlette/_exception_handler.py", line 42, in wrapped_app
    await app(scope, receive, sender)
  File "/home/kavia/workspace/code-generation/resumematch-ai-73807-35a6cda2/resume_analyzer_backend_workspace/resume_analyzer_backend/venv/lib/python3.12/site-packages/starlette/routing.py", line 73, in app
    response = await f(request)
               ^^^^^^^^^^^^^^^^
  File "/home/kavia/workspace/code-generation/resumematch-ai-73807-35a6cda2/resume_analyzer_backend_workspace/resume_analyzer_backend/venv/lib/python3.12/site-packages/fastapi/applications.py", line 1009, in openapi
    return JSONResponse(self.openapi())
                        ^^^^^^^^^^^^^^
  File "/home/kavia/workspace/code-generation/resumematch-ai-73807-35a6cda2/resume_analyzer_backend_workspace/resume_analyzer_backend/venv/lib/python3.12/site-packages/fastapi/applications.py", line 981, in openapi
    self.openapi_schema = get_openapi(
                          ^^^^^^^^^^^^
  File "/home/kavia/workspace/code-generation/resumematch-ai-73807-35a6cda2/resume_analyzer_backend_workspace/resume_analyzer_backend/venv/lib/python3.12/site-packages/fastapi/openapi/utils.py", line 569, in get_openapi
    return jsonable_encoder(OpenAPI(**output), by_alias=True, exclude_none=True)  # type: ignore
                            ^^^^^^^^^^^^^^^^^
  File "/home/kavia/workspace/code-generation/resumematch-ai-73807-35a6cda2/resume_analyzer_backend_workspace/resume_analyzer_backend/venv/lib/python3.12/site-packages/pydantic/main.py", line 253, in __init__
    validated_self = self.__pydantic_validator__.validate_python(data, self_instance=self)
                     ^^^^^^^^^^^^^^^^^^^^^^^^^^^^^^^^^^^^^^^^^^^^^^^^^^^^^^^^^^^^^^^^^^^^^
pydantic_core._pydantic_core.ValidationError: 3 validation errors for OpenAPI
components.schemas.Body_analyze_resume_analyze_resume__post.Schema.properties.file.Schema.examples
  Input should be a valid list [type=list_type, input_value={'application/pdf': {'summary': 'A PDF file'}}, input_type=dict]
    For further information visit https://errors.pydantic.dev/2.11/v/list_type
components.schemas.Body_analyze_resume_analyze_resume__post.Schema.properties.file.bool
  Input should be a valid boolean [type=bool_type, input_value={'description': 'Resume P...File', 'type': 'string'}, input_type=dict]
    For further information visit https://errors.pydantic.dev/2.11/v/bool_type
components.schemas.Body_analyze_resume_analyze_resume__post.Reference.$ref
  Field required [type=missing, input_value={'properties': {'file': {...post', 'type': 'object'}, input_type=dict]
    For further information visit https://errors.pydantic.dev/2.11/v/missing
INFO:     100.64.4.167:36390 - "GET /openapi.json HTTP/1.1" 500 Internal Server Error
ERROR:    Exception in ASGI application
Traceback (most recent call last):
  File "/home/kavia/workspace/code-generation/resumematch-ai-73807-35a6cda2/resume_analyzer_backend_workspace/resume_analyzer_backend/venv/lib/python3.12/site-packages/uvicorn/protocols/http/httptools_impl.py", line 409, in run_asgi
    result = await app(  # type: ignore[func-returns-value]
             ^^^^^^^^^^^^^^^^^^^^^^^^^^^^^^^^^^^^^^^^^^^^^^
  File "/home/kavia/workspace/code-generation/resumematch-ai-73807-35a6cda2/resume_analyzer_backend_workspace/resume_analyzer_backend/venv/lib/python3.12/site-packages/uvicorn/middleware/proxy_headers.py", line 60, in __call__
    return await self.app(scope, receive, send)
           ^^^^^^^^^^^^^^^^^^^^^^^^^^^^^^^^^^^^
  File "/home/kavia/workspace/code-generation/resumematch-ai-73807-35a6cda2/resume_analyzer_backend_workspace/resume_analyzer_backend/venv/lib/python3.12/site-packages/fastapi/applications.py", line 1054, in __call__
    await super().__call__(scope, receive, send)
  File "/home/kavia/workspace/code-generation/resumematch-ai-73807-35a6cda2/resume_analyzer_backend_workspace/resume_analyzer_backend/venv/lib/python3.12/site-packages/starlette/applications.py", line 112, in __call__
    await self.middleware_stack(scope, receive, send)
  File "/home/kavia/workspace/code-generation/resumematch-ai-73807-35a6cda2/resume_analyzer_backend_workspace/resume_analyzer_backend/venv/lib/python3.12/site-packages/starlette/middleware/errors.py", line 187, in __call__
    raise exc
  File "/home/kavia/workspace/code-generation/resumematch-ai-73807-35a6cda2/resume_analyzer_backend_workspace/resume_analyzer_backend/venv/lib/python3.12/site-packages/starlette/middleware/errors.py", line 165, in __call__
    await self.app(scope, receive, _send)
  File "/home/kavia/workspace/code-generation/resumematch-ai-73807-35a6cda2/resume_analyzer_backend_workspace/resume_analyzer_backend/venv/lib/python3.12/site-packages/starlette/middleware/cors.py", line 85, in __call__
    await self.app(scope, receive, send)
  File "/home/kavia/workspace/code-generation/resumematch-ai-73807-35a6cda2/resume_analyzer_backend_workspace/resume_analyzer_backend/venv/lib/python3.12/site-packages/starlette/middleware/exceptions.py", line 62, in __call__
    await wrap_app_handling_exceptions(self.app, conn)(scope, receive, send)
  File "/home/kavia/workspace/code-generation/resumematch-ai-73807-35a6cda2/resume_analyzer_backend_workspace/resume_analyzer_backend/venv/lib/python3.12/site-packages/starlette/_exception_handler.py", line 53, in wrapped_app
    raise exc
  File "/home/kavia/workspace/code-generation/resumematch-ai-73807-35a6cda2/resume_analyzer_backend_workspace/resume_analyzer_backend/venv/lib/python3.12/site-packages/starlette/_exception_handler.py", line 42, in wrapped_app
    await app(scope, receive, sender)
  File "/home/kavia/workspace/code-generation/resumematch-ai-73807-35a6cda2/resume_analyzer_backend_workspace/resume_analyzer_backend/venv/lib/python3.12/site-packages/starlette/routing.py", line 714, in __call__
    await self.middleware_stack(scope, receive, send)
  File "/home/kavia/workspace/code-generation/resumematch-ai-73807-35a6cda2/resume_analyzer_backend_workspace/resume_analyzer_backend/venv/lib/python3.12/site-packages/starlette/routing.py", line 734, in app
    await route.handle(scope, receive, send)
  File "/home/kavia/workspace/code-generation/resumematch-ai-73807-35a6cda2/resume_analyzer_backend_workspace/resume_analyzer_backend/venv/lib/python3.12/site-packages/starlette/routing.py", line 288, in handle
    await self.app(scope, receive, send)
  File "/home/kavia/workspace/code-generation/resumematch-ai-73807-35a6cda2/resume_analyzer_backend_workspace/resume_analyzer_backend/venv/lib/python3.12/site-packages/starlette/routing.py", line 76, in app
    await wrap_app_handling_exceptions(app, request)(scope, receive, send)
  File "/home/kavia/workspace/code-generation/resumematch-ai-73807-35a6cda2/resume_analyzer_backend_workspace/resume_analyzer_backend/venv/lib/python3.12/site-packages/starlette/_exception_handler.py", line 53, in wrapped_app
    raise exc
  File "/home/kavia/workspace/code-generation/resumematch-ai-73807-35a6cda2/resume_analyzer_backend_workspace/resume_analyzer_backend/venv/lib/python3.12/site-packages/starlette/_exception_handler.py", line 42, in wrapped_app
    await app(scope, receive, sender)
  File "/home/kavia/workspace/code-generation/resumematch-ai-73807-35a6cda2/resume_analyzer_backend_workspace/resume_analyzer_backend/venv/lib/python3.12/site-packages/starlette/routing.py", line 73, in app
    response = await f(request)
               ^^^^^^^^^^^^^^^^
  File "/home/kavia/workspace/code-generation/resumematch-ai-73807-35a6cda2/resume_analyzer_backend_workspace/resume_analyzer_backend/venv/lib/python3.12/site-packages/fastapi/applications.py", line 1009, in openapi
    return JSONResponse(self.openapi())
                        ^^^^^^^^^^^^^^
  File "/home/kavia/workspace/code-generation/resumematch-ai-73807-35a6cda2/resume_analyzer_backend_workspace/resume_analyzer_backend/venv/lib/python3.12/site-packages/fastapi/applications.py", line 981, in openapi
    self.openapi_schema = get_openapi(
                          ^^^^^^^^^^^^
  File "/home/kavia/workspace/code-generation/resumematch-ai-73807-35a6cda2/resume_analyzer_backend_workspace/resume_analyzer_backend/venv/lib/python3.12/site-packages/fastapi/openapi/utils.py", line 569, in get_openapi
    return jsonable_encoder(OpenAPI(**output), by_alias=True, exclude_none=True)  # type: ignore
                            ^^^^^^^^^^^^^^^^^
  File "/home/kavia/workspace/code-generation/resumematch-ai-73807-35a6cda2/resume_analyzer_backend_workspace/resume_analyzer_backend/venv/lib/python3.12/site-packages/pydantic/main.py", line 253, in __init__
    validated_self = self.__pydantic_validator__.validate_python(data, self_instance=self)
                     ^^^^^^^^^^^^^^^^^^^^^^^^^^^^^^^^^^^^^^^^^^^^^^^^^^^^^^^^^^^^^^^^^^^^^
pydantic_core._pydantic_core.ValidationError: 3 validation errors for OpenAPI
components.schemas.Body_analyze_resume_analyze_resume__post.Schema.properties.file.Schema.examples
  Input should be a valid list [type=list_type, input_value={'application/pdf': {'summary': 'A PDF file'}}, input_type=dict]
    For further information visit https://errors.pydantic.dev/2.11/v/list_type
components.schemas.Body_analyze_resume_analyze_resume__post.Schema.properties.file.bool
  Input should be a valid boolean [type=bool_type, input_value={'description': 'Resume P...File', 'type': 'string'}, input_type=dict]
    For further information visit https://errors.pydantic.dev/2.11/v/bool_type
components.schemas.Body_analyze_resume_analyze_resume__post.Reference.$ref
  Field required [type=missing, input_value={'properties': {'file': {...post', 'type': 'object'}, input_type=dict]
    For further information visit https://errors.pydantic.dev/2.11/v/missing
